thread once
thread start
thread done
thread joined
